<html>
<body>
<pre>
<h1>礦ision Build Log</h1>
<h2>Tool Versions:</h2>
IDE-Version: μVision V5.22.0.0
Copyright (C) 2016 ARM Ltd and ARM Germany GmbH. All rights reserved.
License Information: 16636 16636, 16636, LIC=KIVCX-HRL5K-KS7YM-XU4SB-J7CGS-DYRYS
 
Tool Versions:
Toolchain:       MDK-ARM Professional  Version: 5.22
Toolchain Path:  C:\Keil_v5\ARM\ARMCC\Bin
C Compiler:      Armcc.exe V5.06 update 4 (build 422)
Assembler:       Armasm.exe V5.06 update 4 (build 422)
Linker/Locator:  ArmLink.exe V5.06 update 4 (build 422)
Library Manager: ArmAr.exe V5.06 update 4 (build 422)
Hex Converter:   FromElf.exe V5.06 update 4 (build 422)
CPU DLL:         SARMCM3.DLL V5.22
Dialog DLL:      DARMSTM.DLL V1.67.0.0
Target DLL:      CMSIS_AGDI.dll V1.27.0.0
Dialog DLL:      TARMSTM.DLL V1.66.0.0
 
<h2>Project:</h2>
D:\gitSave\qtTest\dataCollectV2\USER\TIMER.uvprojx
Project File Date:  03/26/2019

<h2>Output:</h2>
*** Using Compiler 'V5.06 update 4 (build 422)', folder: 'C:\Keil_v5\ARM\ARMCC\Bin'
Build target 'Target 1'
compiling am.c...
am.c(78): warning:  #223-D: function "malloc" declared implicitly
  	g_tx_win_info_ch0 = (TX_WINDOW_T*)malloc(sizeof(TX_WINDOW_T) * g_win_size);
am.c(102): warning:  #223-D: function "malloc" declared implicitly
  			send_data = (uint8_t *)malloc(sizeof(uint8_t) * packet_size + 4);//4的意思：3字节用于head,1字节用于crc-8
am.c(108): warning:  #223-D: function "malloc" declared implicitly
  			send_data = (uint8_t *)malloc(sizeof(uint8_t) * packet_size + 4);//4的意思：3字节用于head,1字节用于crc-8
am.c(123): warning:  #223-D: function "free" declared implicitly
  		free(send_data);
am.c(129): warning:  #223-D: function "malloc" declared implicitly
  			send_data = (uint8_t *)malloc(sizeof(uint8_t) * packet_size + 4);//4的意思：3字节用于head,1字节用于crc-8
am.c(135): warning:  #223-D: function "malloc" declared implicitly
  			send_data = (uint8_t *)malloc(sizeof(uint8_t) * packet_size + 4);//4的意思：3字节用于head,1字节用于crc-8
am.c(149): warning:  #223-D: function "free" declared implicitly
  		free(send_data);
am.c(273): warning:  #223-D: function "malloc" declared implicitly
  			send_data = (uint8_t *)malloc(sizeof(uint8_t) * packet_size + 4);//4的意思：3字节用于head,1字节用于crc-8
am.c(279): warning:  #223-D: function "malloc" declared implicitly
  			send_data = (uint8_t *)malloc(sizeof(uint8_t) * packet_size + 4);//4的意思：3字节用于head,1字节用于crc-8
am.c(293): warning:  #223-D: function "free" declared implicitly
  		free(send_data);
am.c(303): warning:  #223-D: function "malloc" declared implicitly
  			send_data = (uint8_t *)malloc(sizeof(uint8_t) * packet_size + 4);//4的意思：3字节用于head,1字节用于crc-8
am.c(309): warning:  #223-D: function "malloc" declared implicitly
  			send_data = (uint8_t *)malloc(sizeof(uint8_t) * packet_size + 4);//4的意思：3字节用于head,1字节用于crc-8
am.c(323): warning:  #223-D: function "free" declared implicitly
  		free(send_data);
am.c(333): warning:  #188-D: enumerated type mixed with another type
  	bool pc_data_is_ok = 
RC_FAIL;
am.c: 14 warnings, 0 errors
linking...
Program Size: Code=26384 RO-data=3096 RW-data=2724 ZI-data=6212  
FromELF: creating hex file...
".\TIMER.axf" - 0 Error(s), 14 Warning(s).

<h2>Collection of Component include folders:</h2>
  D:\gitSave\qtTest\dataCollectV2\USER\RTE\_Target_1
  C:\Keil_v5\ARM\PACK\Keil\STM32F1xx_DFP\2.1.0\Device\Include

<h2>Collection of Component Files used:</h2>
Build Time Elapsed:  00:00:01
</pre>
</body>
</html>
